PROGRAM -1
p3 0
{ -1
int -1
n 1
, -1
min 2
, -1
max 3
; -1
read -1
( -1
n 1
) -1
; -1
if -1
( -1
n 1
< -1
1 0
) -1
{ -1
write -1
( -1
"Bad n given" 1
) -1
; -1
EOP -1
; -1
} -1
int -1
currentNumber 4
; -1
read -1
( -1
currentNumber 4
) -1
; -1
n 1
= -1
n 1
- -1
1 0
; -1
min 2
= -1
currentNumber 4
; -1
max 3
= -1
currentNumber 4
; -1
while -1
( -1
n 1
! -1
= -1
0 2
) -1
{ -1
read -1
( -1
currentNumber 4
) -1
; -1
if -1
( -1
currentNumber 4
> -1
max 3
) -1
{ -1
max 3
= -1
currentNumber 4
; -1
} -1
if -1
( -1
currentNumber 4
< -1
min 2
) -1
{ -1
min 2
= -1
currentNumber 4
; -1
} -1
n 1
= -1
n 1
- -1
1 0
; -1
} -1
write -1
( -1
"Min and max are " 3
, -1
min 2
, -1
"and " 4
, -1
max 3
) -1
; -1
EOP -1
; -1
} -1
